25-08-17 05:04:32.797 - INFO: Loading pretrained model for fine-tuning: ./ckpt/checkpoint.pth
25-08-17 05:04:32.804 - INFO: Batchsize=4, number of epoch=200
25-08-17 05:04:32.804 - INFO: Setup finished
25-08-17 05:04:32.804 - INFO: Starting training...
25-08-17 05:04:32.804 - INFO: LearningRate of Epoch 1 = 1e-06
25-08-17 05:04:34.216 - INFO: Epoch 0001 AVERAGES: Loss_All=0.007365, Loss_Reg=0.000823, Loss_Rev=0.006542, Diff=0.000823, Exp_Diff=0.000683, Beta=2.00, Lambda=0.005
25-08-17 05:04:34.216 - INFO: LearningRate of Epoch 2 = 1e-06
25-08-17 05:04:35.358 - INFO: Epoch 0002 AVERAGES: Loss_All=0.006945, Loss_Reg=0.000780, Loss_Rev=0.006165, Diff=0.000780, Exp_Diff=0.000642, Beta=2.00, Lambda=0.010
25-08-17 05:04:35.358 - INFO: LearningRate of Epoch 3 = 1e-06
25-08-17 05:04:36.505 - INFO: Epoch 0003 AVERAGES: Loss_All=0.006616, Loss_Reg=0.000748, Loss_Rev=0.005868, Diff=0.000748, Exp_Diff=0.000608, Beta=2.00, Lambda=0.015
25-08-17 05:04:36.506 - INFO: LearningRate of Epoch 4 = 1e-06
25-08-17 05:04:37.660 - INFO: Epoch 0004 AVERAGES: Loss_All=0.007180, Loss_Reg=0.000806, Loss_Rev=0.006373, Diff=0.000806, Exp_Diff=0.000663, Beta=2.00, Lambda=0.020
25-08-17 05:04:37.661 - INFO: LearningRate of Epoch 5 = 1e-06
25-08-17 05:04:38.809 - INFO: Epoch 0005 AVERAGES: Loss_All=0.006276, Loss_Reg=0.000703, Loss_Rev=0.005573, Diff=0.000703, Exp_Diff=0.000581, Beta=2.00, Lambda=0.025
25-08-17 05:04:38.810 - INFO: LearningRate of Epoch 6 = 1e-06
25-08-17 05:04:39.958 - INFO: Epoch 0006 AVERAGES: Loss_All=0.006853, Loss_Reg=0.000770, Loss_Rev=0.006083, Diff=0.000770, Exp_Diff=0.000633, Beta=2.00, Lambda=0.030
25-08-17 05:04:39.959 - INFO: LearningRate of Epoch 7 = 1e-06
25-08-17 05:04:41.114 - INFO: Epoch 0007 AVERAGES: Loss_All=0.007772, Loss_Reg=0.000881, Loss_Rev=0.006891, Diff=0.000881, Exp_Diff=0.000713, Beta=2.00, Lambda=0.035
25-08-17 05:04:41.114 - INFO: LearningRate of Epoch 8 = 1e-06
25-08-17 05:04:42.274 - INFO: Epoch 0008 AVERAGES: Loss_All=0.007726, Loss_Reg=0.000877, Loss_Rev=0.006849, Diff=0.000877, Exp_Diff=0.000708, Beta=2.00, Lambda=0.040
25-08-17 05:04:42.275 - INFO: LearningRate of Epoch 9 = 1e-06
25-08-17 05:04:43.429 - INFO: Epoch 0009 AVERAGES: Loss_All=0.004764, Loss_Reg=0.000553, Loss_Rev=0.004211, Diff=0.000553, Exp_Diff=0.000432, Beta=2.00, Lambda=0.045
25-08-17 05:04:43.429 - INFO: LearningRate of Epoch 10 = 1e-06
25-08-17 05:04:44.584 - INFO: Epoch 0010 AVERAGES: Loss_All=0.004566, Loss_Reg=0.000529, Loss_Rev=0.004037, Diff=0.000529, Exp_Diff=0.000415, Beta=2.00, Lambda=0.050
25-08-17 05:04:44.585 - INFO: LearningRate of Epoch 11 = 1e-06
25-08-17 05:04:45.738 - INFO: Epoch 0011 AVERAGES: Loss_All=0.007506, Loss_Reg=0.000857, Loss_Rev=0.006649, Diff=0.000857, Exp_Diff=0.000685, Beta=2.00, Lambda=0.055
25-08-17 05:04:45.738 - INFO: LearningRate of Epoch 12 = 1e-06
25-08-17 05:04:46.886 - INFO: Epoch 0012 AVERAGES: Loss_All=0.006126, Loss_Reg=0.000688, Loss_Rev=0.005438, Diff=0.000688, Exp_Diff=0.000566, Beta=2.00, Lambda=0.060
25-08-17 05:04:46.887 - INFO: LearningRate of Epoch 13 = 1e-06
25-08-17 05:04:48.036 - INFO: Epoch 0013 AVERAGES: Loss_All=0.004798, Loss_Reg=0.000560, Loss_Rev=0.004238, Diff=0.000560, Exp_Diff=0.000433, Beta=2.00, Lambda=0.065
25-08-17 05:04:48.036 - INFO: LearningRate of Epoch 14 = 1e-06
25-08-17 05:04:49.183 - INFO: Epoch 0014 AVERAGES: Loss_All=0.007133, Loss_Reg=0.000810, Loss_Rev=0.006324, Diff=0.000810, Exp_Diff=0.000654, Beta=2.00, Lambda=0.070
25-08-17 05:04:49.184 - INFO: LearningRate of Epoch 15 = 1e-06
25-08-17 05:04:50.338 - INFO: Epoch 0015 AVERAGES: Loss_All=0.007348, Loss_Reg=0.000839, Loss_Rev=0.006508, Diff=0.000839, Exp_Diff=0.000670, Beta=2.00, Lambda=0.075
25-08-17 05:04:50.339 - INFO: LearningRate of Epoch 16 = 1e-06
25-08-17 05:04:51.476 - INFO: Epoch 0016 AVERAGES: Loss_All=0.004414, Loss_Reg=0.000517, Loss_Rev=0.003897, Diff=0.000517, Exp_Diff=0.000397, Beta=2.00, Lambda=0.080
25-08-17 05:04:51.477 - INFO: LearningRate of Epoch 17 = 1e-06
25-08-17 05:04:52.622 - INFO: Epoch 0017 AVERAGES: Loss_All=0.006371, Loss_Reg=0.000716, Loss_Rev=0.005655, Diff=0.000716, Exp_Diff=0.000588, Beta=2.00, Lambda=0.085
25-08-17 05:04:52.623 - INFO: LearningRate of Epoch 18 = 1e-06
25-08-17 05:04:53.773 - INFO: Epoch 0018 AVERAGES: Loss_All=0.006560, Loss_Reg=0.000740, Loss_Rev=0.005820, Diff=0.000740, Exp_Diff=0.000604, Beta=2.00, Lambda=0.090
25-08-17 05:04:53.774 - INFO: LearningRate of Epoch 19 = 1e-06
25-08-17 05:04:54.931 - INFO: Epoch 0019 AVERAGES: Loss_All=0.007643, Loss_Reg=0.000877, Loss_Rev=0.006766, Diff=0.000877, Exp_Diff=0.000695, Beta=2.00, Lambda=0.095
25-08-17 05:04:54.931 - INFO: LearningRate of Epoch 20 = 1e-06
25-08-17 05:04:56.072 - INFO: Epoch 0020 AVERAGES: Loss_All=0.006321, Loss_Reg=0.000711, Loss_Rev=0.005611, Diff=0.000711, Exp_Diff=0.000583, Beta=2.00, Lambda=0.100
25-08-17 05:04:56.073 - INFO: LearningRate of Epoch 21 = 1e-06
25-08-17 05:04:57.219 - INFO: Epoch 0021 AVERAGES: Loss_All=0.004468, Loss_Reg=0.000521, Loss_Rev=0.003947, Diff=0.000521, Exp_Diff=0.000404, Beta=2.00, Lambda=0.105
25-08-17 05:04:57.220 - INFO: LearningRate of Epoch 22 = 1e-06
25-08-17 05:04:58.371 - INFO: Epoch 0022 AVERAGES: Loss_All=0.006930, Loss_Reg=0.000787, Loss_Rev=0.006143, Diff=0.000787, Exp_Diff=0.000635, Beta=2.00, Lambda=0.110
25-08-17 05:04:58.372 - INFO: LearningRate of Epoch 23 = 1e-06
25-08-17 05:04:59.516 - INFO: Epoch 0023 AVERAGES: Loss_All=0.007226, Loss_Reg=0.000832, Loss_Rev=0.006394, Diff=0.000832, Exp_Diff=0.000655, Beta=2.00, Lambda=0.115
25-08-17 05:04:59.516 - INFO: LearningRate of Epoch 24 = 1e-06
25-08-17 05:05:00.670 - INFO: Epoch 0024 AVERAGES: Loss_All=0.005293, Loss_Reg=0.000623, Loss_Rev=0.004671, Diff=0.000623, Exp_Diff=0.000475, Beta=2.00, Lambda=0.120
25-08-17 05:05:00.671 - INFO: LearningRate of Epoch 25 = 1e-06
25-08-17 05:05:01.809 - INFO: Epoch 0025 AVERAGES: Loss_All=0.006024, Loss_Reg=0.000684, Loss_Rev=0.005340, Diff=0.000684, Exp_Diff=0.000552, Beta=2.00, Lambda=0.125
25-08-17 05:05:01.810 - INFO: LearningRate of Epoch 26 = 1e-06
25-08-17 05:05:02.950 - INFO: Epoch 0026 AVERAGES: Loss_All=0.006938, Loss_Reg=0.000790, Loss_Rev=0.006148, Diff=0.000790, Exp_Diff=0.000634, Beta=2.00, Lambda=0.130
25-08-17 05:05:02.950 - INFO: LearningRate of Epoch 27 = 1e-06
25-08-17 05:05:04.109 - INFO: Epoch 0027 AVERAGES: Loss_All=0.006484, Loss_Reg=0.000741, Loss_Rev=0.005743, Diff=0.000741, Exp_Diff=0.000592, Beta=2.00, Lambda=0.135
25-08-17 05:05:04.110 - INFO: LearningRate of Epoch 28 = 1e-06
25-08-17 05:05:05.249 - INFO: Epoch 0028 AVERAGES: Loss_All=0.007593, Loss_Reg=0.000881, Loss_Rev=0.006713, Diff=0.000881, Exp_Diff=0.000685, Beta=2.00, Lambda=0.140
25-08-17 05:05:05.249 - INFO: LearningRate of Epoch 29 = 1e-06
25-08-17 05:05:06.414 - INFO: Epoch 0029 AVERAGES: Loss_All=0.006296, Loss_Reg=0.000718, Loss_Rev=0.005578, Diff=0.000718, Exp_Diff=0.000575, Beta=2.00, Lambda=0.145
25-08-17 05:05:06.415 - INFO: LearningRate of Epoch 30 = 1e-06
25-08-17 05:05:07.577 - INFO: Epoch 0030 AVERAGES: Loss_All=0.005536, Loss_Reg=0.000659, Loss_Rev=0.004877, Diff=0.000659, Exp_Diff=0.000492, Beta=2.00, Lambda=0.150
25-08-17 05:05:07.577 - INFO: LearningRate of Epoch 31 = 1e-06
25-08-17 05:05:08.730 - INFO: Epoch 0031 AVERAGES: Loss_All=0.006052, Loss_Reg=0.000690, Loss_Rev=0.005363, Diff=0.000690, Exp_Diff=0.000553, Beta=2.00, Lambda=0.155
25-08-17 05:05:08.731 - INFO: LearningRate of Epoch 32 = 1e-06
25-08-17 05:05:09.890 - INFO: Epoch 0032 AVERAGES: Loss_All=0.006301, Loss_Reg=0.000715, Loss_Rev=0.005586, Diff=0.000715, Exp_Diff=0.000578, Beta=2.00, Lambda=0.160
25-08-17 05:05:09.890 - INFO: LearningRate of Epoch 33 = 1e-06
25-08-17 05:05:11.050 - INFO: Epoch 0033 AVERAGES: Loss_All=0.006238, Loss_Reg=0.000737, Loss_Rev=0.005501, Diff=0.000737, Exp_Diff=0.000557, Beta=2.00, Lambda=0.165
25-08-17 05:05:11.051 - INFO: LearningRate of Epoch 34 = 1e-06
25-08-17 05:05:12.209 - INFO: Epoch 0034 AVERAGES: Loss_All=0.006780, Loss_Reg=0.000783, Loss_Rev=0.005996, Diff=0.000783, Exp_Diff=0.000613, Beta=2.00, Lambda=0.170
25-08-17 05:05:12.209 - INFO: LearningRate of Epoch 35 = 1e-06
25-08-17 05:05:13.368 - INFO: Epoch 0035 AVERAGES: Loss_All=0.004819, Loss_Reg=0.000562, Loss_Rev=0.004257, Diff=0.000562, Exp_Diff=0.000435, Beta=2.00, Lambda=0.175
25-08-17 05:05:13.368 - INFO: LearningRate of Epoch 36 = 1e-06
25-08-17 05:05:14.518 - INFO: Epoch 0036 AVERAGES: Loss_All=0.005999, Loss_Reg=0.000685, Loss_Rev=0.005314, Diff=0.000685, Exp_Diff=0.000548, Beta=2.00, Lambda=0.180
25-08-17 05:05:14.518 - INFO: LearningRate of Epoch 37 = 1e-06
25-08-17 05:05:15.667 - INFO: Epoch 0037 AVERAGES: Loss_All=0.004017, Loss_Reg=0.000475, Loss_Rev=0.003542, Diff=0.000475, Exp_Diff=0.000359, Beta=2.00, Lambda=0.185
25-08-17 05:05:15.667 - INFO: LearningRate of Epoch 38 = 1e-06
25-08-17 05:05:16.824 - INFO: Epoch 0038 AVERAGES: Loss_All=0.007197, Loss_Reg=0.000824, Loss_Rev=0.006373, Diff=0.000824, Exp_Diff=0.000656, Beta=2.00, Lambda=0.190
25-08-17 05:05:16.825 - INFO: LearningRate of Epoch 39 = 1e-06
25-08-17 05:05:17.988 - INFO: Epoch 0039 AVERAGES: Loss_All=0.004529, Loss_Reg=0.000538, Loss_Rev=0.003991, Diff=0.000538, Exp_Diff=0.000403, Beta=2.00, Lambda=0.195
25-08-17 05:05:17.989 - INFO: LearningRate of Epoch 40 = 5e-07
25-08-17 05:05:19.148 - INFO: Epoch 0040 AVERAGES: Loss_All=0.007524, Loss_Reg=0.000871, Loss_Rev=0.006653, Diff=0.000871, Exp_Diff=0.000680, Beta=2.00, Lambda=0.200
25-08-17 05:05:19.149 - INFO: LearningRate of Epoch 41 = 5e-07
25-08-17 05:05:20.312 - INFO: Epoch 0041 AVERAGES: Loss_All=0.007170, Loss_Reg=0.000834, Loss_Rev=0.006336, Diff=0.000834, Exp_Diff=0.000646, Beta=2.00, Lambda=0.205
25-08-17 05:05:20.313 - INFO: LearningRate of Epoch 42 = 5e-07
25-08-17 05:05:21.467 - INFO: Epoch 0042 AVERAGES: Loss_All=0.007042, Loss_Reg=0.000818, Loss_Rev=0.006224, Diff=0.000818, Exp_Diff=0.000635, Beta=2.00, Lambda=0.210
25-08-17 05:05:21.467 - INFO: LearningRate of Epoch 43 = 5e-07
25-08-17 05:05:22.624 - INFO: Epoch 0043 AVERAGES: Loss_All=0.006276, Loss_Reg=0.000714, Loss_Rev=0.005562, Diff=0.000714, Exp_Diff=0.000574, Beta=2.00, Lambda=0.215
25-08-17 05:05:22.624 - INFO: LearningRate of Epoch 44 = 5e-07
25-08-17 05:05:23.789 - INFO: Epoch 0044 AVERAGES: Loss_All=0.008912, Loss_Reg=0.001050, Loss_Rev=0.007862, Diff=0.001050, Exp_Diff=0.000794, Beta=2.00, Lambda=0.220
25-08-17 05:05:23.789 - INFO: LearningRate of Epoch 45 = 5e-07
25-08-17 05:05:24.948 - INFO: Epoch 0045 AVERAGES: Loss_All=0.006213, Loss_Reg=0.000710, Loss_Rev=0.005503, Diff=0.000710, Exp_Diff=0.000567, Beta=2.00, Lambda=0.225
25-08-17 05:05:24.948 - INFO: LearningRate of Epoch 46 = 5e-07
25-08-17 05:05:26.107 - INFO: Epoch 0046 AVERAGES: Loss_All=0.006893, Loss_Reg=0.000802, Loss_Rev=0.006091, Diff=0.000802, Exp_Diff=0.000621, Beta=2.00, Lambda=0.230
25-08-17 05:05:26.108 - INFO: LearningRate of Epoch 47 = 5e-07
25-08-17 05:05:27.253 - INFO: Epoch 0047 AVERAGES: Loss_All=0.005527, Loss_Reg=0.000635, Loss_Rev=0.004892, Diff=0.000635, Exp_Diff=0.000502, Beta=2.00, Lambda=0.235
25-08-17 05:05:27.253 - INFO: LearningRate of Epoch 48 = 5e-07
25-08-17 05:05:28.414 - INFO: Epoch 0048 AVERAGES: Loss_All=0.006817, Loss_Reg=0.000801, Loss_Rev=0.006016, Diff=0.000801, Exp_Diff=0.000609, Beta=2.00, Lambda=0.240
25-08-17 05:05:28.414 - INFO: LearningRate of Epoch 49 = 5e-07
25-08-17 05:05:29.565 - INFO: Epoch 0049 AVERAGES: Loss_All=0.006226, Loss_Reg=0.000726, Loss_Rev=0.005500, Diff=0.000726, Exp_Diff=0.000560, Beta=2.00, Lambda=0.245
25-08-17 05:05:29.566 - INFO: LearningRate of Epoch 50 = 5e-07
25-08-17 05:05:30.721 - INFO: Epoch 0050 AVERAGES: Loss_All=0.006370, Loss_Reg=0.000736, Loss_Rev=0.005635, Diff=0.000736, Exp_Diff=0.000577, Beta=2.00, Lambda=0.250
25-08-17 05:05:30.730 - INFO: Checkpoint saved to ./experiments/selfdenoise_training/2025-08-17-05-04/models/epoch_model_050.pth
25-08-17 05:05:30.745 - INFO: Validating 3 images
25-08-17 05:05:31.588 - INFO: Validation - Epoch 50: DN PSNR/SSIM: 12.7747/0.2006, EXP: 13.6374/0.3378, MID: 13.3443/0.2928
25-08-17 05:05:31.589 - INFO: LearningRate of Epoch 51 = 5e-07
25-08-17 05:05:32.739 - INFO: Epoch 0051 AVERAGES: Loss_All=0.009076, Loss_Reg=0.001074, Loss_Rev=0.008001, Diff=0.001074, Exp_Diff=0.000806, Beta=2.00, Lambda=0.255
25-08-17 05:05:32.739 - INFO: LearningRate of Epoch 52 = 5e-07
25-08-17 05:05:33.905 - INFO: Epoch 0052 AVERAGES: Loss_All=0.005944, Loss_Reg=0.000718, Loss_Rev=0.005226, Diff=0.000718, Exp_Diff=0.000522, Beta=2.00, Lambda=0.260
25-08-17 05:05:33.905 - INFO: LearningRate of Epoch 53 = 5e-07
25-08-17 05:05:35.073 - INFO: Epoch 0053 AVERAGES: Loss_All=0.004189, Loss_Reg=0.000506, Loss_Rev=0.003684, Diff=0.000506, Exp_Diff=0.000369, Beta=2.00, Lambda=0.265
25-08-17 05:05:35.074 - INFO: LearningRate of Epoch 54 = 5e-07
25-08-17 05:05:36.189 - INFO: Epoch 0054 AVERAGES: Loss_All=0.005903, Loss_Reg=0.000681, Loss_Rev=0.005222, Diff=0.000681, Exp_Diff=0.000535, Beta=2.00, Lambda=0.270
25-08-17 05:05:36.190 - INFO: LearningRate of Epoch 55 = 5e-07
25-08-17 05:05:37.326 - INFO: Epoch 0055 AVERAGES: Loss_All=0.004355, Loss_Reg=0.000518, Loss_Rev=0.003837, Diff=0.000518, Exp_Diff=0.000388, Beta=2.00, Lambda=0.275
25-08-17 05:05:37.327 - INFO: LearningRate of Epoch 56 = 5e-07
25-08-17 05:05:38.480 - INFO: Epoch 0056 AVERAGES: Loss_All=0.004220, Loss_Reg=0.000506, Loss_Rev=0.003714, Diff=0.000506, Exp_Diff=0.000374, Beta=2.00, Lambda=0.280
25-08-17 05:05:38.481 - INFO: LearningRate of Epoch 57 = 5e-07
25-08-17 05:05:39.637 - INFO: Epoch 0057 AVERAGES: Loss_All=0.006726, Loss_Reg=0.000779, Loss_Rev=0.005947, Diff=0.000779, Exp_Diff=0.000608, Beta=2.00, Lambda=0.285
25-08-17 05:05:39.637 - INFO: LearningRate of Epoch 58 = 5e-07
25-08-17 05:05:40.804 - INFO: Epoch 0058 AVERAGES: Loss_All=0.006215, Loss_Reg=0.000717, Loss_Rev=0.005498, Diff=0.000717, Exp_Diff=0.000563, Beta=2.00, Lambda=0.290
25-08-17 05:05:40.805 - INFO: LearningRate of Epoch 59 = 5e-07
25-08-17 05:05:41.960 - INFO: Epoch 0059 AVERAGES: Loss_All=0.006855, Loss_Reg=0.000804, Loss_Rev=0.006051, Diff=0.000804, Exp_Diff=0.000614, Beta=2.00, Lambda=0.295
25-08-17 05:05:41.961 - INFO: LearningRate of Epoch 60 = 5e-07
25-08-17 05:05:43.122 - INFO: Epoch 0060 AVERAGES: Loss_All=0.006716, Loss_Reg=0.000780, Loss_Rev=0.005936, Diff=0.000780, Exp_Diff=0.000605, Beta=2.00, Lambda=0.300
25-08-17 05:05:43.122 - INFO: LearningRate of Epoch 61 = 5e-07
25-08-17 05:05:44.291 - INFO: Epoch 0061 AVERAGES: Loss_All=0.005916, Loss_Reg=0.000684, Loss_Rev=0.005231, Diff=0.000684, Exp_Diff=0.000535, Beta=2.00, Lambda=0.305
25-08-17 05:05:44.292 - INFO: LearningRate of Epoch 62 = 5e-07
25-08-17 05:05:45.435 - INFO: Epoch 0062 AVERAGES: Loss_All=0.006238, Loss_Reg=0.000725, Loss_Rev=0.005513, Diff=0.000725, Exp_Diff=0.000562, Beta=2.00, Lambda=0.310
25-08-17 05:05:45.435 - INFO: LearningRate of Epoch 63 = 5e-07
25-08-17 05:05:46.575 - INFO: Epoch 0063 AVERAGES: Loss_All=0.006168, Loss_Reg=0.000720, Loss_Rev=0.005448, Diff=0.000720, Exp_Diff=0.000554, Beta=2.00, Lambda=0.315
25-08-17 05:05:46.575 - INFO: LearningRate of Epoch 64 = 5e-07
25-08-17 05:05:47.738 - INFO: Epoch 0064 AVERAGES: Loss_All=0.006109, Loss_Reg=0.000704, Loss_Rev=0.005404, Diff=0.000704, Exp_Diff=0.000554, Beta=2.00, Lambda=0.320
25-08-17 05:05:47.738 - INFO: LearningRate of Epoch 65 = 5e-07
25-08-17 05:05:48.901 - INFO: Epoch 0065 AVERAGES: Loss_All=0.006100, Loss_Reg=0.000705, Loss_Rev=0.005396, Diff=0.000705, Exp_Diff=0.000553, Beta=2.00, Lambda=0.325
25-08-17 05:05:48.901 - INFO: LearningRate of Epoch 66 = 5e-07
25-08-17 05:05:50.059 - INFO: Epoch 0066 AVERAGES: Loss_All=0.008455, Loss_Reg=0.001014, Loss_Rev=0.007441, Diff=0.001014, Exp_Diff=0.000743, Beta=2.00, Lambda=0.330
25-08-17 05:05:50.060 - INFO: LearningRate of Epoch 67 = 5e-07
25-08-17 05:05:51.210 - INFO: Epoch 0067 AVERAGES: Loss_All=0.008497, Loss_Reg=0.001019, Loss_Rev=0.007478, Diff=0.001019, Exp_Diff=0.000747, Beta=2.00, Lambda=0.335
25-08-17 05:05:51.210 - INFO: LearningRate of Epoch 68 = 5e-07
25-08-17 05:05:52.371 - INFO: Epoch 0068 AVERAGES: Loss_All=0.006804, Loss_Reg=0.000792, Loss_Rev=0.006013, Diff=0.000792, Exp_Diff=0.000613, Beta=2.00, Lambda=0.340
25-08-17 05:05:52.372 - INFO: LearningRate of Epoch 69 = 5e-07
25-08-17 05:05:53.516 - INFO: Epoch 0069 AVERAGES: Loss_All=0.006680, Loss_Reg=0.000787, Loss_Rev=0.005893, Diff=0.000787, Exp_Diff=0.000595, Beta=2.00, Lambda=0.345
25-08-17 05:05:53.516 - INFO: LearningRate of Epoch 70 = 5e-07
25-08-17 05:05:54.674 - INFO: Epoch 0070 AVERAGES: Loss_All=0.005697, Loss_Reg=0.000661, Loss_Rev=0.005036, Diff=0.000661, Exp_Diff=0.000514, Beta=2.00, Lambda=0.350
25-08-17 05:05:54.675 - INFO: LearningRate of Epoch 71 = 5e-07
25-08-17 05:05:55.830 - INFO: Epoch 0071 AVERAGES: Loss_All=0.006013, Loss_Reg=0.000695, Loss_Rev=0.005318, Diff=0.000695, Exp_Diff=0.000544, Beta=2.00, Lambda=0.355
25-08-17 05:05:55.830 - INFO: LearningRate of Epoch 72 = 5e-07
25-08-17 05:05:57.000 - INFO: Epoch 0072 AVERAGES: Loss_All=0.005997, Loss_Reg=0.000699, Loss_Rev=0.005298, Diff=0.000699, Exp_Diff=0.000540, Beta=2.00, Lambda=0.360
25-08-17 05:05:57.001 - INFO: LearningRate of Epoch 73 = 5e-07
25-08-17 05:05:58.148 - INFO: Epoch 0073 AVERAGES: Loss_All=0.005552, Loss_Reg=0.000643, Loss_Rev=0.004910, Diff=0.000643, Exp_Diff=0.000502, Beta=2.00, Lambda=0.365
25-08-17 05:05:58.148 - INFO: LearningRate of Epoch 74 = 5e-07
25-08-17 05:05:59.319 - INFO: Epoch 0074 AVERAGES: Loss_All=0.006654, Loss_Reg=0.000784, Loss_Rev=0.005870, Diff=0.000784, Exp_Diff=0.000593, Beta=2.00, Lambda=0.370
25-08-17 05:05:59.319 - INFO: LearningRate of Epoch 75 = 5e-07
25-08-17 05:06:00.476 - INFO: Epoch 0075 AVERAGES: Loss_All=0.006281, Loss_Reg=0.000734, Loss_Rev=0.005547, Diff=0.000734, Exp_Diff=0.000563, Beta=2.00, Lambda=0.375
25-08-17 05:06:00.476 - INFO: LearningRate of Epoch 76 = 5e-07
25-08-17 05:06:01.633 - INFO: Epoch 0076 AVERAGES: Loss_All=0.005944, Loss_Reg=0.000694, Loss_Rev=0.005250, Diff=0.000694, Exp_Diff=0.000534, Beta=2.00, Lambda=0.380
25-08-17 05:06:01.633 - INFO: LearningRate of Epoch 77 = 5e-07
25-08-17 05:06:02.790 - INFO: Epoch 0077 AVERAGES: Loss_All=0.005794, Loss_Reg=0.000681, Loss_Rev=0.005114, Diff=0.000681, Exp_Diff=0.000518, Beta=2.00, Lambda=0.385
25-08-17 05:06:02.791 - INFO: LearningRate of Epoch 78 = 5e-07
25-08-17 05:06:03.952 - INFO: Epoch 0078 AVERAGES: Loss_All=0.006797, Loss_Reg=0.000797, Loss_Rev=0.006001, Diff=0.000797, Exp_Diff=0.000609, Beta=2.00, Lambda=0.390
25-08-17 05:06:03.953 - INFO: LearningRate of Epoch 79 = 5e-07
25-08-17 05:06:05.108 - INFO: Epoch 0079 AVERAGES: Loss_All=0.007184, Loss_Reg=0.000855, Loss_Rev=0.006329, Diff=0.000855, Exp_Diff=0.000636, Beta=2.00, Lambda=0.395
25-08-17 05:06:05.108 - INFO: LearningRate of Epoch 80 = 2.5e-07
25-08-17 05:06:06.283 - INFO: Epoch 0080 AVERAGES: Loss_All=0.005572, Loss_Reg=0.000653, Loss_Rev=0.004918, Diff=0.000653, Exp_Diff=0.000499, Beta=2.00, Lambda=0.400
25-08-17 05:06:06.284 - INFO: LearningRate of Epoch 81 = 2.5e-07
25-08-17 05:06:07.436 - INFO: Epoch 0081 AVERAGES: Loss_All=0.007738, Loss_Reg=0.000835, Loss_Rev=0.006903, Diff=0.000835, Exp_Diff=0.000637, Beta=2.15, Lambda=0.405
25-08-17 05:06:07.436 - INFO: LearningRate of Epoch 82 = 2.5e-07
25-08-17 05:06:08.603 - INFO: Epoch 0082 AVERAGES: Loss_All=0.007957, Loss_Reg=0.000798, Loss_Rev=0.007159, Diff=0.000798, Exp_Diff=0.000602, Beta=2.30, Lambda=0.410
25-08-17 05:06:08.603 - INFO: LearningRate of Epoch 83 = 2.5e-07
25-08-17 05:06:09.751 - INFO: Epoch 0083 AVERAGES: Loss_All=0.009193, Loss_Reg=0.000867, Loss_Rev=0.008326, Diff=0.000867, Exp_Diff=0.000639, Beta=2.45, Lambda=0.415
25-08-17 05:06:09.752 - INFO: LearningRate of Epoch 84 = 2.5e-07
25-08-17 05:06:10.907 - INFO: Epoch 0084 AVERAGES: Loss_All=0.008844, Loss_Reg=0.000770, Loss_Rev=0.008073, Diff=0.000770, Exp_Diff=0.000573, Beta=2.60, Lambda=0.420
25-08-17 05:06:10.908 - INFO: LearningRate of Epoch 85 = 2.5e-07
25-08-17 05:06:12.065 - INFO: Epoch 0085 AVERAGES: Loss_All=0.009649, Loss_Reg=0.000773, Loss_Rev=0.008876, Diff=0.000773, Exp_Diff=0.000585, Beta=2.75, Lambda=0.425
25-08-17 05:06:12.065 - INFO: LearningRate of Epoch 86 = 2.5e-07
25-08-17 05:06:13.203 - INFO: Epoch 0086 AVERAGES: Loss_All=0.010380, Loss_Reg=0.000778, Loss_Rev=0.009602, Diff=0.000778, Exp_Diff=0.000586, Beta=2.90, Lambda=0.430
25-08-17 05:06:13.203 - INFO: LearningRate of Epoch 87 = 2.5e-07
25-08-17 05:06:14.350 - INFO: Epoch 0087 AVERAGES: Loss_All=0.009564, Loss_Reg=0.000657, Loss_Rev=0.008906, Diff=0.000657, Exp_Diff=0.000509, Beta=3.05, Lambda=0.435
25-08-17 05:06:14.351 - INFO: LearningRate of Epoch 88 = 2.5e-07
25-08-17 05:06:15.517 - INFO: Epoch 0088 AVERAGES: Loss_All=0.012445, Loss_Reg=0.000812, Loss_Rev=0.011633, Diff=0.000812, Exp_Diff=0.000617, Beta=3.20, Lambda=0.440
25-08-17 05:06:15.517 - INFO: LearningRate of Epoch 89 = 2.5e-07
25-08-17 05:06:16.685 - INFO: Epoch 0089 AVERAGES: Loss_All=0.011057, Loss_Reg=0.000673, Loss_Rev=0.010384, Diff=0.000673, Exp_Diff=0.000516, Beta=3.35, Lambda=0.445
25-08-17 05:06:16.685 - INFO: LearningRate of Epoch 90 = 2.5e-07
25-08-17 05:06:17.829 - INFO: Epoch 0090 AVERAGES: Loss_All=0.013319, Loss_Reg=0.000782, Loss_Rev=0.012536, Diff=0.000782, Exp_Diff=0.000578, Beta=3.50, Lambda=0.450
25-08-17 05:06:17.830 - INFO: LearningRate of Epoch 91 = 2.5e-07
25-08-17 05:06:19.001 - INFO: Epoch 0091 AVERAGES: Loss_All=0.012382, Loss_Reg=0.000669, Loss_Rev=0.011713, Diff=0.000669, Exp_Diff=0.000511, Beta=3.65, Lambda=0.455
25-08-17 05:06:19.002 - INFO: LearningRate of Epoch 92 = 2.5e-07
25-08-17 05:06:20.142 - INFO: Epoch 0092 AVERAGES: Loss_All=0.009432, Loss_Reg=0.000498, Loss_Rev=0.008933, Diff=0.000498, Exp_Diff=0.000364, Beta=3.80, Lambda=0.460
25-08-17 05:06:20.142 - INFO: LearningRate of Epoch 93 = 2.5e-07
25-08-17 05:06:21.304 - INFO: Epoch 0093 AVERAGES: Loss_All=0.009681, Loss_Reg=0.000477, Loss_Rev=0.009204, Diff=0.000477, Exp_Diff=0.000355, Beta=3.95, Lambda=0.465
25-08-17 05:06:21.305 - INFO: LearningRate of Epoch 94 = 2.5e-07
25-08-17 05:06:22.476 - INFO: Epoch 0094 AVERAGES: Loss_All=0.014925, Loss_Reg=0.000680, Loss_Rev=0.014245, Diff=0.000680, Exp_Diff=0.000519, Beta=4.10, Lambda=0.470
25-08-17 05:06:22.476 - INFO: LearningRate of Epoch 95 = 2.5e-07
25-08-17 05:06:23.625 - INFO: Epoch 0095 AVERAGES: Loss_All=0.016369, Loss_Reg=0.000705, Loss_Rev=0.015664, Diff=0.000705, Exp_Diff=0.000540, Beta=4.25, Lambda=0.475
25-08-17 05:06:23.625 - INFO: LearningRate of Epoch 96 = 2.5e-07
25-08-17 05:06:24.783 - INFO: Epoch 0096 AVERAGES: Loss_All=0.016912, Loss_Reg=0.000688, Loss_Rev=0.016224, Diff=0.000688, Exp_Diff=0.000530, Beta=4.40, Lambda=0.480
25-08-17 05:06:24.783 - INFO: LearningRate of Epoch 97 = 2.5e-07
25-08-17 05:06:25.947 - INFO: Epoch 0097 AVERAGES: Loss_All=0.018373, Loss_Reg=0.000712, Loss_Rev=0.017661, Diff=0.000712, Exp_Diff=0.000546, Beta=4.55, Lambda=0.485
25-08-17 05:06:25.948 - INFO: LearningRate of Epoch 98 = 2.5e-07
25-08-17 05:06:27.111 - INFO: Epoch 0098 AVERAGES: Loss_All=0.011598, Loss_Reg=0.000456, Loss_Rev=0.011142, Diff=0.000456, Exp_Diff=0.000323, Beta=4.70, Lambda=0.490
25-08-17 05:06:27.111 - INFO: LearningRate of Epoch 99 = 2.5e-07
25-08-17 05:06:28.270 - INFO: Epoch 0099 AVERAGES: Loss_All=0.029692, Loss_Reg=0.001120, Loss_Rev=0.028572, Diff=0.001120, Exp_Diff=0.000783, Beta=4.85, Lambda=0.495
25-08-17 05:06:28.271 - INFO: LearningRate of Epoch 100 = 2.5e-07
25-08-17 05:06:29.425 - INFO: Epoch 0100 AVERAGES: Loss_All=0.019454, Loss_Reg=0.000646, Loss_Rev=0.018809, Diff=0.000646, Exp_Diff=0.000501, Beta=5.00, Lambda=0.500
25-08-17 05:06:29.432 - INFO: Checkpoint saved to ./experiments/selfdenoise_training/2025-08-17-05-04/models/epoch_model_100.pth
25-08-17 05:06:29.448 - INFO: Validating 3 images
25-08-17 05:06:30.280 - INFO: Validation - Epoch 100: DN PSNR/SSIM: 12.9014/0.2202, EXP: 13.9156/0.3756, MID: 13.7413/0.3504
25-08-17 05:06:30.280 - INFO: LearningRate of Epoch 101 = 2.5e-07
25-08-17 05:06:31.429 - INFO: Epoch 0101 AVERAGES: Loss_All=0.033013, Loss_Reg=0.001118, Loss_Rev=0.031895, Diff=0.001118, Exp_Diff=0.000796, Beta=5.15, Lambda=0.505
25-08-17 05:06:31.429 - INFO: LearningRate of Epoch 102 = 2.5e-07
25-08-17 05:06:32.601 - INFO: Epoch 0102 AVERAGES: Loss_All=0.025113, Loss_Reg=0.000782, Loss_Rev=0.024332, Diff=0.000782, Exp_Diff=0.000585, Beta=5.30, Lambda=0.510
25-08-17 05:06:32.602 - INFO: LearningRate of Epoch 103 = 2.5e-07
25-08-17 05:06:33.768 - INFO: Epoch 0103 AVERAGES: Loss_All=0.021486, Loss_Reg=0.000677, Loss_Rev=0.020809, Diff=0.000677, Exp_Diff=0.000473, Beta=5.45, Lambda=0.515
25-08-17 05:06:33.769 - INFO: LearningRate of Epoch 104 = 2.5e-07
25-08-17 05:06:34.917 - INFO: Epoch 0104 AVERAGES: Loss_All=0.027456, Loss_Reg=0.000793, Loss_Rev=0.026663, Diff=0.000793, Exp_Diff=0.000584, Beta=5.60, Lambda=0.520
25-08-17 05:06:34.918 - INFO: LearningRate of Epoch 105 = 2.5e-07
25-08-17 05:06:36.082 - INFO: Epoch 0105 AVERAGES: Loss_All=0.024117, Loss_Reg=0.000652, Loss_Rev=0.023465, Diff=0.000652, Exp_Diff=0.000494, Beta=5.75, Lambda=0.525
25-08-17 05:06:36.083 - INFO: LearningRate of Epoch 106 = 2.5e-07
25-08-17 05:06:37.241 - INFO: Epoch 0106 AVERAGES: Loss_All=0.016874, Loss_Reg=0.000464, Loss_Rev=0.016410, Diff=0.000464, Exp_Diff=0.000328, Beta=5.90, Lambda=0.530
25-08-17 05:06:37.241 - INFO: LearningRate of Epoch 107 = 2.5e-07
25-08-17 05:06:38.386 - INFO: Epoch 0107 AVERAGES: Loss_All=0.026938, Loss_Reg=0.000667, Loss_Rev=0.026271, Diff=0.000667, Exp_Diff=0.000508, Beta=6.05, Lambda=0.535
25-08-17 05:06:38.386 - INFO: LearningRate of Epoch 108 = 2.5e-07
25-08-17 05:06:39.555 - INFO: Epoch 0108 AVERAGES: Loss_All=0.027860, Loss_Reg=0.000665, Loss_Rev=0.027195, Diff=0.000665, Exp_Diff=0.000505, Beta=6.20, Lambda=0.540
25-08-17 05:06:39.556 - INFO: LearningRate of Epoch 109 = 2.5e-07
25-08-17 05:06:40.694 - INFO: Epoch 0109 AVERAGES: Loss_All=0.029831, Loss_Reg=0.000689, Loss_Rev=0.029143, Diff=0.000689, Exp_Diff=0.000519, Beta=6.35, Lambda=0.545
25-08-17 05:06:40.695 - INFO: LearningRate of Epoch 110 = 2.5e-07
25-08-17 05:06:41.868 - INFO: Epoch 0110 AVERAGES: Loss_All=0.027399, Loss_Reg=0.000605, Loss_Rev=0.026794, Diff=0.000605, Exp_Diff=0.000459, Beta=6.50, Lambda=0.550
25-08-17 05:06:41.868 - INFO: LearningRate of Epoch 111 = 2.5e-07
25-08-17 05:06:43.023 - INFO: Epoch 0111 AVERAGES: Loss_All=0.030669, Loss_Reg=0.000647, Loss_Rev=0.030022, Diff=0.000647, Exp_Diff=0.000495, Beta=6.65, Lambda=0.555
25-08-17 05:06:43.024 - INFO: LearningRate of Epoch 112 = 2.5e-07
25-08-17 05:06:44.185 - INFO: Epoch 0112 AVERAGES: Loss_All=0.035440, Loss_Reg=0.000731, Loss_Rev=0.034708, Diff=0.000731, Exp_Diff=0.000549, Beta=6.80, Lambda=0.560
25-08-17 05:06:44.186 - INFO: LearningRate of Epoch 113 = 2.5e-07
25-08-17 05:06:45.333 - INFO: Epoch 0113 AVERAGES: Loss_All=0.032732, Loss_Reg=0.000633, Loss_Rev=0.032099, Diff=0.000633, Exp_Diff=0.000492, Beta=6.95, Lambda=0.565
25-08-17 05:06:45.333 - INFO: LearningRate of Epoch 114 = 2.5e-07
25-08-17 05:06:46.501 - INFO: Epoch 0114 AVERAGES: Loss_All=0.041024, Loss_Reg=0.000782, Loss_Rev=0.040242, Diff=0.000782, Exp_Diff=0.000592, Beta=7.10, Lambda=0.570
25-08-17 05:06:46.502 - INFO: LearningRate of Epoch 115 = 2.5e-07
25-08-17 05:06:47.666 - INFO: Epoch 0115 AVERAGES: Loss_All=0.030999, Loss_Reg=0.000596, Loss_Rev=0.030403, Diff=0.000596, Exp_Diff=0.000430, Beta=7.25, Lambda=0.575
25-08-17 05:06:47.667 - INFO: LearningRate of Epoch 116 = 2.5e-07
25-08-17 05:06:48.829 - INFO: Epoch 0116 AVERAGES: Loss_All=0.040476, Loss_Reg=0.000739, Loss_Rev=0.039738, Diff=0.000739, Exp_Diff=0.000542, Beta=7.40, Lambda=0.580
25-08-17 05:06:48.830 - INFO: LearningRate of Epoch 117 = 2.5e-07
25-08-17 05:06:49.974 - INFO: Epoch 0117 AVERAGES: Loss_All=0.042014, Loss_Reg=0.000732, Loss_Rev=0.041283, Diff=0.000732, Exp_Diff=0.000545, Beta=7.55, Lambda=0.585
25-08-17 05:06:49.975 - INFO: LearningRate of Epoch 118 = 2.5e-07
25-08-17 05:06:51.144 - INFO: Epoch 0118 AVERAGES: Loss_All=0.037677, Loss_Reg=0.000618, Loss_Rev=0.037059, Diff=0.000618, Exp_Diff=0.000475, Beta=7.70, Lambda=0.590
25-08-17 05:06:51.144 - INFO: LearningRate of Epoch 119 = 2.5e-07
25-08-17 05:06:52.293 - INFO: Epoch 0119 AVERAGES: Loss_All=0.040631, Loss_Reg=0.000654, Loss_Rev=0.039976, Diff=0.000654, Exp_Diff=0.000494, Beta=7.85, Lambda=0.595
25-08-17 05:06:52.293 - INFO: LearningRate of Epoch 120 = 1.25e-07
25-08-17 05:06:53.461 - INFO: Epoch 0120 AVERAGES: Loss_All=0.045895, Loss_Reg=0.000741, Loss_Rev=0.045154, Diff=0.000741, Exp_Diff=0.000537, Beta=8.00, Lambda=0.600
25-08-17 05:06:53.462 - INFO: LearningRate of Epoch 121 = 1.25e-07
25-08-17 05:06:54.625 - INFO: Epoch 0121 AVERAGES: Loss_All=0.044690, Loss_Reg=0.000677, Loss_Rev=0.044013, Diff=0.000677, Exp_Diff=0.000509, Beta=8.15, Lambda=0.605
25-08-17 05:06:54.626 - INFO: LearningRate of Epoch 122 = 1.25e-07
25-08-17 05:06:55.796 - INFO: Epoch 0122 AVERAGES: Loss_All=0.055999, Loss_Reg=0.000843, Loss_Rev=0.055156, Diff=0.000843, Exp_Diff=0.000616, Beta=8.30, Lambda=0.610
25-08-17 05:06:55.796 - INFO: LearningRate of Epoch 123 = 1.25e-07
25-08-17 05:06:56.960 - INFO: Epoch 0123 AVERAGES: Loss_All=0.048597, Loss_Reg=0.000687, Loss_Rev=0.047910, Diff=0.000687, Exp_Diff=0.000521, Beta=8.45, Lambda=0.615
25-08-17 05:06:56.961 - INFO: LearningRate of Epoch 124 = 1.25e-07
25-08-17 05:06:58.090 - INFO: Epoch 0124 AVERAGES: Loss_All=0.048114, Loss_Reg=0.000661, Loss_Rev=0.047454, Diff=0.000661, Exp_Diff=0.000500, Beta=8.60, Lambda=0.620
25-08-17 05:06:58.091 - INFO: LearningRate of Epoch 125 = 1.25e-07
25-08-17 05:06:59.233 - INFO: Epoch 0125 AVERAGES: Loss_All=0.073110, Loss_Reg=0.001033, Loss_Rev=0.072077, Diff=0.001033, Exp_Diff=0.000730, Beta=8.75, Lambda=0.625
25-08-17 05:06:59.233 - INFO: LearningRate of Epoch 126 = 1.25e-07
25-08-17 05:07:00.390 - INFO: Epoch 0126 AVERAGES: Loss_All=0.055610, Loss_Reg=0.000754, Loss_Rev=0.054856, Diff=0.000754, Exp_Diff=0.000541, Beta=8.90, Lambda=0.630
25-08-17 05:07:00.391 - INFO: LearningRate of Epoch 127 = 1.25e-07
25-08-17 05:07:01.539 - INFO: Epoch 0127 AVERAGES: Loss_All=0.059580, Loss_Reg=0.000771, Loss_Rev=0.058809, Diff=0.000771, Exp_Diff=0.000564, Beta=9.05, Lambda=0.635
25-08-17 05:07:01.540 - INFO: LearningRate of Epoch 128 = 1.25e-07
25-08-17 05:07:02.695 - INFO: Epoch 0128 AVERAGES: Loss_All=0.037141, Loss_Reg=0.000478, Loss_Rev=0.036663, Diff=0.000478, Exp_Diff=0.000342, Beta=9.20, Lambda=0.640
25-08-17 05:07:02.695 - INFO: LearningRate of Epoch 129 = 1.25e-07
25-08-17 05:07:03.857 - INFO: Epoch 0129 AVERAGES: Loss_All=0.058754, Loss_Reg=0.000710, Loss_Rev=0.058044, Diff=0.000710, Exp_Diff=0.000526, Beta=9.35, Lambda=0.645
25-08-17 05:07:03.857 - INFO: LearningRate of Epoch 130 = 1.25e-07
25-08-17 05:07:05.010 - INFO: Epoch 0130 AVERAGES: Loss_All=0.064879, Loss_Reg=0.000777, Loss_Rev=0.064102, Diff=0.000777, Exp_Diff=0.000563, Beta=9.50, Lambda=0.650
25-08-17 05:07:05.011 - INFO: LearningRate of Epoch 131 = 1.25e-07
25-08-17 05:07:06.131 - INFO: Epoch 0131 AVERAGES: Loss_All=0.041306, Loss_Reg=0.000502, Loss_Rev=0.040805, Diff=0.000502, Exp_Diff=0.000348, Beta=9.65, Lambda=0.655
25-08-17 05:07:06.132 - INFO: LearningRate of Epoch 132 = 1.25e-07
25-08-17 05:07:07.300 - INFO: Epoch 0132 AVERAGES: Loss_All=0.061486, Loss_Reg=0.000681, Loss_Rev=0.060804, Diff=0.000681, Exp_Diff=0.000507, Beta=9.80, Lambda=0.660
25-08-17 05:07:07.300 - INFO: LearningRate of Epoch 133 = 1.25e-07
25-08-17 05:07:08.471 - INFO: Epoch 0133 AVERAGES: Loss_All=0.068524, Loss_Reg=0.000755, Loss_Rev=0.067769, Diff=0.000755, Exp_Diff=0.000548, Beta=9.95, Lambda=0.665
25-08-17 05:07:08.471 - INFO: LearningRate of Epoch 134 = 1.25e-07
25-08-17 05:07:09.632 - INFO: Epoch 0134 AVERAGES: Loss_All=0.082171, Loss_Reg=0.000886, Loss_Rev=0.081285, Diff=0.000886, Exp_Diff=0.000640, Beta=10.10, Lambda=0.670
25-08-17 05:07:09.633 - INFO: LearningRate of Epoch 135 = 1.25e-07
25-08-17 05:07:10.785 - INFO: Epoch 0135 AVERAGES: Loss_All=0.024373, Loss_Reg=0.000297, Loss_Rev=0.024077, Diff=0.000297, Exp_Diff=0.000183, Beta=10.25, Lambda=0.675
25-08-17 05:07:10.785 - INFO: LearningRate of Epoch 136 = 1.25e-07
25-08-17 05:07:11.942 - INFO: Epoch 0136 AVERAGES: Loss_All=0.073988, Loss_Reg=0.000738, Loss_Rev=0.073250, Diff=0.000738, Exp_Diff=0.000549, Beta=10.40, Lambda=0.680
25-08-17 05:07:11.942 - INFO: LearningRate of Epoch 137 = 1.25e-07
25-08-17 05:07:13.090 - INFO: Epoch 0137 AVERAGES: Loss_All=0.046383, Loss_Reg=0.000484, Loss_Rev=0.045899, Diff=0.000484, Exp_Diff=0.000333, Beta=10.55, Lambda=0.685
25-08-17 05:07:13.090 - INFO: LearningRate of Epoch 138 = 1.25e-07
25-08-17 05:07:14.260 - INFO: Epoch 0138 AVERAGES: Loss_All=0.067182, Loss_Reg=0.000629, Loss_Rev=0.066553, Diff=0.000629, Exp_Diff=0.000475, Beta=10.70, Lambda=0.690
25-08-17 05:07:14.261 - INFO: LearningRate of Epoch 139 = 1.25e-07
25-08-17 05:07:15.434 - INFO: Epoch 0139 AVERAGES: Loss_All=0.071126, Loss_Reg=0.000641, Loss_Rev=0.070485, Diff=0.000641, Exp_Diff=0.000491, Beta=10.85, Lambda=0.695
25-08-17 05:07:15.434 - INFO: LearningRate of Epoch 140 = 1.25e-07
25-08-17 05:07:16.569 - INFO: Epoch 0140 AVERAGES: Loss_All=0.073220, Loss_Reg=0.000658, Loss_Rev=0.072561, Diff=0.000658, Exp_Diff=0.000492, Beta=11.00, Lambda=0.700
25-08-17 05:07:16.570 - INFO: LearningRate of Epoch 141 = 1.25e-07
25-08-17 05:07:17.729 - INFO: Epoch 0141 AVERAGES: Loss_All=0.047634, Loss_Reg=0.000450, Loss_Rev=0.047185, Diff=0.000450, Exp_Diff=0.000310, Beta=11.15, Lambda=0.705
25-08-17 05:07:17.729 - INFO: LearningRate of Epoch 142 = 1.25e-07
25-08-17 05:07:18.887 - INFO: Epoch 0142 AVERAGES: Loss_All=0.073517, Loss_Reg=0.000613, Loss_Rev=0.072903, Diff=0.000613, Exp_Diff=0.000472, Beta=11.30, Lambda=0.710
25-08-17 05:07:18.888 - INFO: LearningRate of Epoch 143 = 1.25e-07
25-08-17 05:07:20.051 - INFO: Epoch 0143 AVERAGES: Loss_All=0.088794, Loss_Reg=0.000758, Loss_Rev=0.088036, Diff=0.000758, Exp_Diff=0.000553, Beta=11.45, Lambda=0.715
25-08-17 05:07:20.052 - INFO: LearningRate of Epoch 144 = 1.25e-07
25-08-17 05:07:21.182 - INFO: Epoch 0144 AVERAGES: Loss_All=0.082204, Loss_Reg=0.000666, Loss_Rev=0.081538, Diff=0.000666, Exp_Diff=0.000502, Beta=11.60, Lambda=0.720
25-08-17 05:07:21.183 - INFO: LearningRate of Epoch 145 = 1.25e-07
25-08-17 05:07:22.327 - INFO: Epoch 0145 AVERAGES: Loss_All=0.085483, Loss_Reg=0.000687, Loss_Rev=0.084795, Diff=0.000687, Exp_Diff=0.000509, Beta=11.75, Lambda=0.725
25-08-17 05:07:22.328 - INFO: LearningRate of Epoch 146 = 1.25e-07
25-08-17 05:07:23.478 - INFO: Epoch 0146 AVERAGES: Loss_All=0.089166, Loss_Reg=0.000705, Loss_Rev=0.088461, Diff=0.000705, Exp_Diff=0.000519, Beta=11.90, Lambda=0.730
25-08-17 05:07:23.479 - INFO: LearningRate of Epoch 147 = 1.25e-07
25-08-17 05:07:24.644 - INFO: Epoch 0147 AVERAGES: Loss_All=0.093046, Loss_Reg=0.000713, Loss_Rev=0.092333, Diff=0.000713, Exp_Diff=0.000530, Beta=12.05, Lambda=0.735
25-08-17 05:07:24.644 - INFO: LearningRate of Epoch 148 = 1.25e-07
25-08-17 05:07:25.805 - INFO: Epoch 0148 AVERAGES: Loss_All=0.086397, Loss_Reg=0.000646, Loss_Rev=0.085750, Diff=0.000646, Exp_Diff=0.000481, Beta=12.20, Lambda=0.740
25-08-17 05:07:25.806 - INFO: LearningRate of Epoch 149 = 1.25e-07
25-08-17 05:07:26.963 - INFO: Epoch 0149 AVERAGES: Loss_All=0.103567, Loss_Reg=0.000769, Loss_Rev=0.102798, Diff=0.000769, Exp_Diff=0.000563, Beta=12.35, Lambda=0.745
25-08-17 05:07:26.963 - INFO: LearningRate of Epoch 150 = 1.25e-07
25-08-17 05:07:28.105 - INFO: Epoch 0150 AVERAGES: Loss_All=0.061188, Loss_Reg=0.000465, Loss_Rev=0.060723, Diff=0.000465, Exp_Diff=0.000325, Beta=12.50, Lambda=0.750
25-08-17 05:07:28.113 - INFO: Checkpoint saved to ./experiments/selfdenoise_training/2025-08-17-05-04/models/epoch_model_150.pth
25-08-17 05:07:28.128 - INFO: Validating 3 images
25-08-17 05:07:28.954 - INFO: Validation - Epoch 150: DN PSNR/SSIM: 12.9724/0.2330, EXP: 14.0949/0.4010, MID: 14.0084/0.3890
25-08-17 05:07:28.954 - INFO: LearningRate of Epoch 151 = 1.25e-07
25-08-17 05:07:30.097 - INFO: Epoch 0151 AVERAGES: Loss_All=0.090898, Loss_Reg=0.000645, Loss_Rev=0.090253, Diff=0.000645, Exp_Diff=0.000473, Beta=12.65, Lambda=0.755
25-08-17 05:07:30.097 - INFO: LearningRate of Epoch 152 = 1.25e-07
25-08-17 05:07:31.242 - INFO: Epoch 0152 AVERAGES: Loss_All=0.104982, Loss_Reg=0.000725, Loss_Rev=0.104256, Diff=0.000725, Exp_Diff=0.000535, Beta=12.80, Lambda=0.760
25-08-17 05:07:31.242 - INFO: LearningRate of Epoch 153 = 1.25e-07
25-08-17 05:07:32.381 - INFO: Epoch 0153 AVERAGES: Loss_All=0.112635, Loss_Reg=0.000768, Loss_Rev=0.111867, Diff=0.000768, Exp_Diff=0.000562, Beta=12.95, Lambda=0.765
25-08-17 05:07:32.382 - INFO: LearningRate of Epoch 154 = 1.25e-07
25-08-17 05:07:33.523 - INFO: Epoch 0154 AVERAGES: Loss_All=0.111774, Loss_Reg=0.000753, Loss_Rev=0.111021, Diff=0.000753, Exp_Diff=0.000546, Beta=13.10, Lambda=0.770
25-08-17 05:07:33.524 - INFO: LearningRate of Epoch 155 = 1.25e-07
25-08-17 05:07:34.692 - INFO: Epoch 0155 AVERAGES: Loss_All=0.113096, Loss_Reg=0.000753, Loss_Rev=0.112343, Diff=0.000753, Exp_Diff=0.000540, Beta=13.25, Lambda=0.775
25-08-17 05:07:34.692 - INFO: LearningRate of Epoch 156 = 1.25e-07
25-08-17 05:07:35.839 - INFO: Epoch 0156 AVERAGES: Loss_All=0.121493, Loss_Reg=0.000787, Loss_Rev=0.120706, Diff=0.000787, Exp_Diff=0.000569, Beta=13.40, Lambda=0.780
25-08-17 05:07:35.839 - INFO: LearningRate of Epoch 157 = 1.25e-07
25-08-17 05:07:36.996 - INFO: Epoch 0157 AVERAGES: Loss_All=0.100900, Loss_Reg=0.000614, Loss_Rev=0.100286, Diff=0.000614, Exp_Diff=0.000465, Beta=13.55, Lambda=0.785
25-08-17 05:07:36.997 - INFO: LearningRate of Epoch 158 = 1.25e-07
25-08-17 05:07:38.164 - INFO: Epoch 0158 AVERAGES: Loss_All=0.122064, Loss_Reg=0.000751, Loss_Rev=0.121313, Diff=0.000751, Exp_Diff=0.000549, Beta=13.70, Lambda=0.790
25-08-17 05:07:38.165 - INFO: LearningRate of Epoch 159 = 1.25e-07
25-08-17 05:07:39.323 - INFO: Epoch 0159 AVERAGES: Loss_All=0.073210, Loss_Reg=0.000467, Loss_Rev=0.072743, Diff=0.000467, Exp_Diff=0.000322, Beta=13.85, Lambda=0.795
25-08-17 05:07:39.324 - INFO: LearningRate of Epoch 160 = 6.25e-08
25-08-17 05:07:40.485 - INFO: Epoch 0160 AVERAGES: Loss_All=0.138495, Loss_Reg=0.000857, Loss_Rev=0.137638, Diff=0.000857, Exp_Diff=0.000596, Beta=14.00, Lambda=0.800
25-08-17 05:07:40.485 - INFO: LearningRate of Epoch 161 = 6.25e-08
25-08-17 05:07:41.648 - INFO: Epoch 0161 AVERAGES: Loss_All=0.125790, Loss_Reg=0.000740, Loss_Rev=0.125050, Diff=0.000740, Exp_Diff=0.000533, Beta=14.15, Lambda=0.805
25-08-17 05:07:41.648 - INFO: LearningRate of Epoch 162 = 6.25e-08
25-08-17 05:07:42.799 - INFO: Epoch 0162 AVERAGES: Loss_All=0.124961, Loss_Reg=0.000723, Loss_Rev=0.124238, Diff=0.000723, Exp_Diff=0.000519, Beta=14.30, Lambda=0.810
25-08-17 05:07:42.800 - INFO: LearningRate of Epoch 163 = 6.25e-08
25-08-17 05:07:43.967 - INFO: Epoch 0163 AVERAGES: Loss_All=0.113013, Loss_Reg=0.000619, Loss_Rev=0.112394, Diff=0.000619, Exp_Diff=0.000462, Beta=14.45, Lambda=0.815
25-08-17 05:07:43.968 - INFO: LearningRate of Epoch 164 = 6.25e-08
25-08-17 05:07:45.124 - INFO: Epoch 0164 AVERAGES: Loss_All=0.131450, Loss_Reg=0.000737, Loss_Rev=0.130713, Diff=0.000737, Exp_Diff=0.000525, Beta=14.60, Lambda=0.820
25-08-17 05:07:45.124 - INFO: LearningRate of Epoch 165 = 6.25e-08
25-08-17 05:07:46.283 - INFO: Epoch 0165 AVERAGES: Loss_All=0.135502, Loss_Reg=0.000740, Loss_Rev=0.134762, Diff=0.000740, Exp_Diff=0.000532, Beta=14.75, Lambda=0.825
25-08-17 05:07:46.283 - INFO: LearningRate of Epoch 166 = 6.25e-08
25-08-17 05:07:47.446 - INFO: Epoch 0166 AVERAGES: Loss_All=0.123099, Loss_Reg=0.000646, Loss_Rev=0.122453, Diff=0.000646, Exp_Diff=0.000475, Beta=14.90, Lambda=0.830
25-08-17 05:07:47.447 - INFO: LearningRate of Epoch 167 = 6.25e-08
25-08-17 05:07:48.590 - INFO: Epoch 0167 AVERAGES: Loss_All=0.125820, Loss_Reg=0.000639, Loss_Rev=0.125182, Diff=0.000639, Exp_Diff=0.000477, Beta=15.05, Lambda=0.835
25-08-17 05:07:48.590 - INFO: LearningRate of Epoch 168 = 6.25e-08
25-08-17 05:07:49.763 - INFO: Epoch 0168 AVERAGES: Loss_All=0.134067, Loss_Reg=0.000678, Loss_Rev=0.133389, Diff=0.000678, Exp_Diff=0.000499, Beta=15.20, Lambda=0.840
25-08-17 05:07:49.763 - INFO: LearningRate of Epoch 169 = 6.25e-08
25-08-17 05:07:50.935 - INFO: Epoch 0169 AVERAGES: Loss_All=0.127043, Loss_Reg=0.000631, Loss_Rev=0.126412, Diff=0.000631, Exp_Diff=0.000464, Beta=15.35, Lambda=0.845
25-08-17 05:07:50.935 - INFO: LearningRate of Epoch 170 = 6.25e-08
25-08-17 05:07:52.098 - INFO: Epoch 0170 AVERAGES: Loss_All=0.137603, Loss_Reg=0.000669, Loss_Rev=0.136934, Diff=0.000669, Exp_Diff=0.000494, Beta=15.50, Lambda=0.850
25-08-17 05:07:52.098 - INFO: LearningRate of Epoch 171 = 6.25e-08
25-08-17 05:07:53.257 - INFO: Epoch 0171 AVERAGES: Loss_All=0.206365, Loss_Reg=0.001046, Loss_Rev=0.205319, Diff=0.001046, Exp_Diff=0.000723, Beta=15.65, Lambda=0.855
25-08-17 05:07:53.258 - INFO: LearningRate of Epoch 172 = 6.25e-08
25-08-17 05:07:54.415 - INFO: Epoch 0172 AVERAGES: Loss_All=0.201991, Loss_Reg=0.001009, Loss_Rev=0.200982, Diff=0.001009, Exp_Diff=0.000696, Beta=15.80, Lambda=0.860
25-08-17 05:07:54.416 - INFO: LearningRate of Epoch 173 = 6.25e-08
25-08-17 05:07:55.580 - INFO: Epoch 0173 AVERAGES: Loss_All=0.190391, Loss_Reg=0.000928, Loss_Rev=0.189463, Diff=0.000928, Exp_Diff=0.000645, Beta=15.95, Lambda=0.865
25-08-17 05:07:55.581 - INFO: LearningRate of Epoch 174 = 6.25e-08
25-08-17 05:07:56.739 - INFO: Epoch 0174 AVERAGES: Loss_All=0.104040, Loss_Reg=0.000486, Loss_Rev=0.103554, Diff=0.000486, Exp_Diff=0.000348, Beta=16.10, Lambda=0.870
25-08-17 05:07:56.739 - INFO: LearningRate of Epoch 175 = 6.25e-08
25-08-17 05:07:57.887 - INFO: Epoch 0175 AVERAGES: Loss_All=0.143703, Loss_Reg=0.000648, Loss_Rev=0.143055, Diff=0.000648, Exp_Diff=0.000472, Beta=16.25, Lambda=0.875
25-08-17 05:07:57.888 - INFO: LearningRate of Epoch 176 = 6.25e-08
25-08-17 05:07:59.046 - INFO: Epoch 0176 AVERAGES: Loss_All=0.148164, Loss_Reg=0.000640, Loss_Rev=0.147524, Diff=0.000640, Exp_Diff=0.000479, Beta=16.40, Lambda=0.880
25-08-17 05:07:59.046 - INFO: LearningRate of Epoch 177 = 6.25e-08
25-08-17 05:08:00.205 - INFO: Epoch 0177 AVERAGES: Loss_All=0.143080, Loss_Reg=0.000611, Loss_Rev=0.142470, Diff=0.000611, Exp_Diff=0.000455, Beta=16.55, Lambda=0.885
25-08-17 05:08:00.205 - INFO: LearningRate of Epoch 178 = 6.25e-08
25-08-17 05:08:01.354 - INFO: Epoch 0178 AVERAGES: Loss_All=0.150974, Loss_Reg=0.000623, Loss_Rev=0.150351, Diff=0.000623, Exp_Diff=0.000472, Beta=16.70, Lambda=0.890
25-08-17 05:08:01.354 - INFO: LearningRate of Epoch 179 = 6.25e-08
25-08-17 05:08:02.517 - INFO: Epoch 0179 AVERAGES: Loss_All=0.181922, Loss_Reg=0.000770, Loss_Rev=0.181153, Diff=0.000770, Exp_Diff=0.000558, Beta=16.85, Lambda=0.895
25-08-17 05:08:02.517 - INFO: LearningRate of Epoch 180 = 6.25e-08
25-08-17 05:08:03.688 - INFO: Epoch 0180 AVERAGES: Loss_All=0.223682, Loss_Reg=0.000978, Loss_Rev=0.222704, Diff=0.000978, Exp_Diff=0.000672, Beta=17.00, Lambda=0.900
25-08-17 05:08:03.688 - INFO: LearningRate of Epoch 181 = 6.25e-08
25-08-17 05:08:04.853 - INFO: Epoch 0181 AVERAGES: Loss_All=0.175947, Loss_Reg=0.000744, Loss_Rev=0.175203, Diff=0.000744, Exp_Diff=0.000521, Beta=17.15, Lambda=0.905
25-08-17 05:08:04.853 - INFO: LearningRate of Epoch 182 = 6.25e-08
25-08-17 05:08:06.027 - INFO: Epoch 0182 AVERAGES: Loss_All=0.160265, Loss_Reg=0.000641, Loss_Rev=0.159624, Diff=0.000641, Exp_Diff=0.000468, Beta=17.30, Lambda=0.910
25-08-17 05:08:06.027 - INFO: LearningRate of Epoch 183 = 6.25e-08
25-08-17 05:08:07.194 - INFO: Epoch 0183 AVERAGES: Loss_All=0.114818, Loss_Reg=0.000466, Loss_Rev=0.114352, Diff=0.000466, Exp_Diff=0.000330, Beta=17.45, Lambda=0.915
25-08-17 05:08:07.194 - INFO: LearningRate of Epoch 184 = 6.25e-08
25-08-17 05:08:08.358 - INFO: Epoch 0184 AVERAGES: Loss_All=0.143293, Loss_Reg=0.000596, Loss_Rev=0.142697, Diff=0.000596, Exp_Diff=0.000404, Beta=17.60, Lambda=0.920
25-08-17 05:08:08.358 - INFO: LearningRate of Epoch 185 = 6.25e-08
25-08-17 05:08:09.494 - INFO: Epoch 0185 AVERAGES: Loss_All=0.192653, Loss_Reg=0.000761, Loss_Rev=0.191892, Diff=0.000761, Exp_Diff=0.000535, Beta=17.75, Lambda=0.925
25-08-17 05:08:09.494 - INFO: LearningRate of Epoch 186 = 6.25e-08
25-08-17 05:08:10.663 - INFO: Epoch 0186 AVERAGES: Loss_All=0.193568, Loss_Reg=0.000711, Loss_Rev=0.192858, Diff=0.000711, Exp_Diff=0.000532, Beta=17.90, Lambda=0.930
25-08-17 05:08:10.663 - INFO: LearningRate of Epoch 187 = 6.25e-08
25-08-17 05:08:11.814 - INFO: Epoch 0187 AVERAGES: Loss_All=0.197221, Loss_Reg=0.000716, Loss_Rev=0.196506, Diff=0.000716, Exp_Diff=0.000533, Beta=18.05, Lambda=0.935
25-08-17 05:08:11.814 - INFO: LearningRate of Epoch 188 = 6.25e-08
25-08-17 05:08:12.985 - INFO: Epoch 0188 AVERAGES: Loss_All=0.171243, Loss_Reg=0.000616, Loss_Rev=0.170627, Diff=0.000616, Exp_Diff=0.000455, Beta=18.20, Lambda=0.940
25-08-17 05:08:12.986 - INFO: LearningRate of Epoch 189 = 6.25e-08
25-08-17 05:08:14.151 - INFO: Epoch 0189 AVERAGES: Loss_All=0.284291, Loss_Reg=0.001079, Loss_Rev=0.283213, Diff=0.001079, Exp_Diff=0.000741, Beta=18.35, Lambda=0.945
25-08-17 05:08:14.151 - INFO: LearningRate of Epoch 190 = 6.25e-08
25-08-17 05:08:15.310 - INFO: Epoch 0190 AVERAGES: Loss_All=0.136729, Loss_Reg=0.000502, Loss_Rev=0.136227, Diff=0.000502, Exp_Diff=0.000352, Beta=18.50, Lambda=0.950
25-08-17 05:08:15.311 - INFO: LearningRate of Epoch 191 = 6.25e-08
25-08-17 05:08:16.469 - INFO: Epoch 0191 AVERAGES: Loss_All=0.213238, Loss_Reg=0.000754, Loss_Rev=0.212483, Diff=0.000754, Exp_Diff=0.000541, Beta=18.65, Lambda=0.955
25-08-17 05:08:16.470 - INFO: LearningRate of Epoch 192 = 6.25e-08
25-08-17 05:08:17.623 - INFO: Epoch 0192 AVERAGES: Loss_All=0.192520, Loss_Reg=0.000669, Loss_Rev=0.191851, Diff=0.000669, Exp_Diff=0.000481, Beta=18.80, Lambda=0.960
25-08-17 05:08:17.624 - INFO: LearningRate of Epoch 193 = 6.25e-08
25-08-17 05:08:18.790 - INFO: Epoch 0193 AVERAGES: Loss_All=0.208705, Loss_Reg=0.000704, Loss_Rev=0.208000, Diff=0.000704, Exp_Diff=0.000514, Beta=18.95, Lambda=0.965
25-08-17 05:08:18.791 - INFO: LearningRate of Epoch 194 = 6.25e-08
25-08-17 05:08:19.953 - INFO: Epoch 0194 AVERAGES: Loss_All=0.208345, Loss_Reg=0.000682, Loss_Rev=0.207663, Diff=0.000682, Exp_Diff=0.000506, Beta=19.10, Lambda=0.970
25-08-17 05:08:19.953 - INFO: LearningRate of Epoch 195 = 6.25e-08
25-08-17 05:08:21.109 - INFO: Epoch 0195 AVERAGES: Loss_All=0.179443, Loss_Reg=0.000618, Loss_Rev=0.178825, Diff=0.000618, Exp_Diff=0.000428, Beta=19.25, Lambda=0.975
25-08-17 05:08:21.110 - INFO: LearningRate of Epoch 196 = 6.25e-08
25-08-17 05:08:22.280 - INFO: Epoch 0196 AVERAGES: Loss_All=0.197659, Loss_Reg=0.000642, Loss_Rev=0.197018, Diff=0.000642, Exp_Diff=0.000466, Beta=19.40, Lambda=0.980
25-08-17 05:08:22.280 - INFO: LearningRate of Epoch 197 = 6.25e-08
25-08-17 05:08:23.447 - INFO: Epoch 0197 AVERAGES: Loss_All=0.140456, Loss_Reg=0.000476, Loss_Rev=0.139979, Diff=0.000476, Exp_Diff=0.000325, Beta=19.55, Lambda=0.985
25-08-17 05:08:23.448 - INFO: LearningRate of Epoch 198 = 6.25e-08
25-08-17 05:08:24.616 - INFO: Epoch 0198 AVERAGES: Loss_All=0.196204, Loss_Reg=0.000598, Loss_Rev=0.195606, Diff=0.000598, Exp_Diff=0.000450, Beta=19.70, Lambda=0.990
25-08-17 05:08:24.616 - INFO: LearningRate of Epoch 199 = 6.25e-08
25-08-17 05:08:25.786 - INFO: Epoch 0199 AVERAGES: Loss_All=0.236543, Loss_Reg=0.000736, Loss_Rev=0.235808, Diff=0.000736, Exp_Diff=0.000534, Beta=19.85, Lambda=0.995
25-08-17 05:08:25.786 - INFO: LearningRate of Epoch 200 = 6.25e-08
25-08-17 05:08:26.944 - INFO: Epoch 0200 AVERAGES: Loss_All=0.257360, Loss_Reg=0.000819, Loss_Rev=0.256540, Diff=0.000819, Exp_Diff=0.000571, Beta=20.00, Lambda=1.000
25-08-17 05:08:26.952 - INFO: Checkpoint saved to ./experiments/selfdenoise_training/2025-08-17-05-04/models/epoch_model_200.pth
25-08-17 05:08:26.966 - INFO: Validating 3 images
25-08-17 05:08:27.795 - INFO: Validation - Epoch 200: DN PSNR/SSIM: 13.0021/0.2385, EXP: 14.1756/0.4123, MID: 14.1172/0.4043
25-08-17 05:08:27.795 - INFO: Training completed!
